*** Begin Patch
*** Add File: packages/opencode/src/project/gitignore.ts
+import { Effect } from "effect"
+import path from "path"
+import { AppFileSystem } from "@opencode-ai/core/filesystem"
+
+const runtimeDataIgnore = ".opencode/data"
+const acceptedRuntimeDataIgnores = new Set([
+  runtimeDataIgnore,
+  `${runtimeDataIgnore}/`,
+  `/${runtimeDataIgnore}`,
+  `/${runtimeDataIgnore}/`,
+])
+
+function hasRuntimeDataIgnore(text: string) {
+  return text
+    .split(/\r?\n/)
+    .map((line) => line.trim())
+    .some((line) => !line.startsWith("#") && acceptedRuntimeDataIgnores.has(line))
+}
+
+export const ensureRuntimeDataIgnored = Effect.fn("ProjectGitignore.ensureRuntimeDataIgnored")(function* (
+  fs: AppFileSystem.Interface,
+  worktree: string,
+) {
+  const file = path.join(worktree, ".gitignore")
+  const text = yield* fs.readFileString(file).pipe(Effect.catch(() => Effect.succeed("")))
+  if (hasRuntimeDataIgnore(text)) return
+
+  yield* fs
+    .writeFileString(file, `${text}${text && !text.endsWith("\n") ? "\n" : ""}${runtimeDataIgnore}\n`)
+    .pipe(Effect.orDie)
+})
*** Update File: packages/opencode/src/project/vcs.ts
@@
 import { FileWatcher } from "@/file/watcher"
 import { Git } from "@/git"
+import { ensureRuntimeDataIgnored } from "@/project/gitignore"
 import * as Log from "@opencode-ai/core/util/log"
 import { zod } from "@/util/effect-zod"
 import { withStatics } from "@/util/schema"
@@
       diff: Effect.fn("Vcs.diff")(function* (mode: Mode) {
         const value = yield* InstanceState.get(state)
         const ctx = yield* InstanceState.context
         if (ctx.project.vcs !== "git") return []
+        yield* ensureRuntimeDataIgnored(fs, ctx.worktree)
         if (mode === "git") {
           return yield* track(fs, git, ctx.directory, (yield* git.hasHead(ctx.directory)) ? "HEAD" : undefined)
         }
*** Update File: packages/opencode/src/snapshot/index.ts
@@
 import { Hash } from "@opencode-ai/core/util/hash"
 import { Config } from "@/config/config"
 import { Global } from "@opencode-ai/core/global"
+import { ensureRuntimeDataIgnored } from "@/project/gitignore"
 import * as Log from "@opencode-ai/core/util/log"
 import { withStatics } from "@/util/schema"
 import { zod } from "@/util/effect-zod"
@@
         const add = Effect.fnUntraced(function* () {
+          yield* ensureRuntimeDataIgnored(fs, state.worktree)
           yield* sync()
           const [diff, other] = yield* Effect.all(
*** Update File: packages/opencode/test/project/vcs.test.ts
@@
   test("diff('git') handles special filenames", async () => {
     await using tmp = await tmpdir({ git: true })
     await fs.writeFile(path.join(tmp.path, weird), "hello\n", "utf-8")
@@
       )
     })
   })
+
+  test("diff('git') adds runtime data ignore before collecting changes", async () => {
+    await using tmp = await tmpdir({ git: true })
+    await fs.mkdir(path.join(tmp.path, ".opencode", "data", "log"), { recursive: true })
+    await fs.writeFile(path.join(tmp.path, ".opencode", "data", "log", "debug.log"), "debug\n", "utf-8")
+
+    await withVcsOnly(tmp.path, async () => {
+      const diff = await AppRuntime.runPromise(
+        Effect.gen(function* () {
+          const vcs = yield* Vcs.Service
+          return yield* vcs.diff("git")
+        }),
+      )
+      expect(await fs.readFile(path.join(tmp.path, ".gitignore"), "utf-8")).toContain(".opencode/data")
+      expect(diff.map((item) => item.file)).not.toContain(".opencode/data/log/debug.log")
+    })
+  })
 
   test("diff('branch') returns changes against default branch", async () => {
     await using tmp = await tmpdir({ git: true })
*** Update File: packages/opencode/test/snapshot/snapshot.test.ts
@@
 test("source project gitignore is respected - ignored files are not snapshotted", async () => {
   await using tmp = await tmpdir({
     git: true,
@@
     },
   })
 })
+
+test("runtime data is ignored before snapshot diff collection", async () => {
+  await using tmp = await bootstrap()
+  await Instance.provide({
+    directory: tmp.path,
+    fn: async () => {
+      await $`mkdir -p ${tmp.path}/.opencode/data/log`.quiet()
+      await Filesystem.write(`${tmp.path}/.opencode/data/log/debug.log`, "debug")
+
+      const before = await run(tmp.path, (snapshot) => snapshot.track())
+      expect(before).toBeTruthy()
+      expect(await fs.readFile(`${tmp.path}/.gitignore`, "utf-8")).toContain(".opencode/data")
+
+      await Filesystem.write(`${tmp.path}/.opencode/data/log/next.log`, "next")
+
+      const patch = await run(tmp.path, (snapshot) => snapshot.patch(before!))
+      expect(patch.files).not.toContain(fwd(tmp.path, ".opencode", "data", "log", "debug.log"))
+      expect(patch.files).not.toContain(fwd(tmp.path, ".opencode", "data", "log", "next.log"))
+    },
+  })
+})
 
 test("gitignore changes", async () => {
   await using tmp = await tmpdir({
*** End Patch
